+ IFS=' '
+ read -r a b c
+ '[' -z '#' ']'
+ case "$a" in
+ continue
+ IFS=' '
+ read -r a b c
+ '[' -z '#' ']'
+ case "$a" in
+ continue
+ IFS=' '
+ read -r a b c
+ '[' -z '#' ']'
+ case "$a" in
+ continue
+ IFS=' '
+ read -r a b c
+ '[' -z '#' ']'
+ case "$a" in
+ continue
+ IFS=' '
+ read -r a b c
+ '[' -z '#' ']'
+ case "$a" in
+ continue
+ IFS=' '
+ read -r a b c
+ '[' -z '' ']'
+ continue
+ IFS=' '
+ read -r a b c
+ '[' -z '#' ']'
+ case "$a" in
+ continue
+ IFS=' '
+ read -r a b c
+ '[' -z '#' ']'
+ case "$a" in
+ continue
+ IFS=' '
+ read -r a b c
+ '[' -z PEXELS-GET ']'
+ case "$a" in
+ dest=public/assets/video/build-timelapse.mp4
+ id=7025003
++ dirname public/assets/video/build-timelapse.mp4
+ mkdir -p public/assets/video
+ pexels_dl 7025003
+ curl -sL -A 'Mozilla/5.0 (Macintosh; Intel Mac OS X 10_15_7) AppleWebKit/537.36 (KHTML, like Gecko) Chrome/126.0.0.0 Safari/537.36' -e https://www.pexels.com/video/7025003/ -o /tmp/v.mp4 -w 'final=%{url_effective}\nhttp=%{http_code}\ntype=%{content_type}\nbytes=%{size_download}\n' https://www.pexels.com/download/video/7025003/
final=https://videos.pexels.com/video-files/7025003/7025003-uhd_4096_2160_25fps.mp4
http=200
type=video/mp4
bytes=44682542
+ echo 'Encoding pexels 7025003 → public/assets/video/build-timelapse.mp4'
Encoding pexels 7025003 → public/assets/video/build-timelapse.mp4
+ ffmpeg -nostdin -y -v error -i /tmp/v.mp4 -vf scale=1920:-2 -c:v libx264 -preset slow -crf 24 -g 8 -keyint_min 8 -pix_fmt yuv420p -an -movflags +faststart public/assets/video/build-timelapse.mp4
+ IFS=' '
+ read -r a b c
